// Jest Snapshot v1, https://goo.gl/fbAQLP

exports[`should render ExpenseListItem correctly 1`] = `
<div>
  <[object Object]
    to="/edit/2"
  >
    <h3>
      Rent
    </h3>
  </[object Object]>
  <p>
    $1,095.00
    -
    December 27th, 1969
  </p>
</div>
`;
